// Jest Snapshot v1, https://goo.gl/fbAQLP

exports[`App should render without crashing 1`] = `
<div
  className=""
>
  <a
    href="/"
  >
    <h1>
      Store Manager
    </h1>
  </a>
  <p>
    Welcome to your store Please log in!
  </p>
  <div
    className=""
  >
    <form
      className="email-form"
      onSubmit={[Function]}
    >
      <input
        id="username"
        name="username"
        onChange={[Function]}
        placeholder="Username . . ."
        required={true}
        type="text"
      />
      <br />
      <br />
      <input
        id="password"
        name="password"
        onChange={[Function]}
        placeholder="Password . . ."
        required={true}
        type="password"
      />
      <br />
      <br />
      <input
        id="submit-btn"
        type="submit"
        value="Log in"
      />
      <br />
      <br />
    </form>
    <p>
      Don't have an account? 
      <a
        href="/"
      >
        Register
      </a>
    </p>
  </div>
</div>
`;
